FORTIGATE FW AS RELAY AGENT

FORTIGATE FW GUI 

FortiGate-VM64-KVM login: admin
Password:
Welcome!

FortiGate-VM64-KVM # Timeout


FortiGate-VM64-KVM login: admin
Password:
Welcome!

FortiGate-VM64-KVM # show system interface
name    Name.
fortilink   static   0.0.0.0 0.0.0.0  10.255.1.1 255.255.255.0  up   disable   aggregate  enable
port1   dhcp   0.0.0.0 0.0.0.0  192.168.208.140 255.255.255.0  up   disable   physical  enable
port2   static   0.0.0.0 0.0.0.0  192.168.1.100 255.255.255.0  up   disable   physical  enable
port3   static   0.0.0.0 0.0.0.0  192.168.2.100 255.255.255.0  up   disable   physical  enable
port4   static   0.0.0.0 0.0.0.0  0.0.0.0 0.0.0.0  up   disable   physical  enable
port5   static   0.0.0.0 0.0.0.0  0.0.0.0 0.0.0.0  up   disable   physical  enable
port6   static   0.0.0.0 0.0.0.0  0.0.0.0 0.0.0.0  up   disable   physical  enable
port7   static   0.0.0.0 0.0.0.0  0.0.0.0 0.0.0.0  up   disable   physical  enable
port8   static   0.0.0.0 0.0.0.0  0.0.0.0 0.0.0.0  up   disable   physical  enable
port9   static   0.0.0.0 0.0.0.0  0.0.0.0 0.0.0.0  up   disable   physical  enable
port10   static   0.0.0.0 0.0.0.0  0.0.0.0 0.0.0.0  up   disable   physical  enable
ssl.root   static   0.0.0.0 0.0.0.0  0.0.0.0 0.0.0.0  up   disable   tunnel  enable

FortiGate-VM64-KVM # show system interface

--------------------------------------------------------------------------------------------------------------------------------------------



ROUTER

R1#conf t
Enter configuration commands, one per line.  End with CNTL/Z.
R1(config)#
R1(config)#int f0/0
R1(config-if)#ip add 192.168.2.1 255.255.255.0
R1(config-if)#no sh
R1(config-if)#ex
R1(config)#
*Aug 18 13:01:27.471: %LINK-3-UPDOWN: Interface FastEthernet0/0, changed state to up
*Aug 18 13:01:28.471: %LINEPROTO-5-UPDOWN: Line protocol on Interface FastEthernet0/0, changed state to up
R1(config)#ip route 0.0.0.0 0.0.0.0 192.168.2.100
R1(config)#
R1(config)#
R1(config)#ip dhcp pool ccna
R1(dhcp-config)#net 192.168.1.0 255.255.255.0
% Ambiguous command:  "net 192.168.1.0 255.255.255.0"
R1(dhcp-config)#net
R1(dhcp-config)#netw
R1(dhcp-config)#network 192.168.1.0 255.255.255.0
R1(dhcp-config)#
R1(dhcp-config)#def
R1(dhcp-config)#default-router 192.168.1.100
R1(dhcp-config)#ex
R1(config)#

--------------------------------------------------------------------------------------


PC1
-------------

PC1>
PC1>
PC1>
PC1> ip dhcp
DDORA IP 192.168.1.1/24 GW 192.168.1.100

PC1>


PC2
-------------

PC2> ip dhcp
DDORA IP 192.168.1.2/24 GW 192.168.1.100

PC2>


